
> @kronos/web@0.1.0 build /workspaces/Movimiento-simbi-tico-digital/apps/web
> astro build

[34m▶ Astro collects anonymous usage data.[39m
  This information helps us improve Astro.
  Run "astro telemetry disable" to opt-out.
  [36m[4mhttps://astro.build/telemetry[24m[39m

[2m22:31:07[22m [34m[types][39m Added [1msrc/env.d.ts[22m type declarations
[2m22:31:07[22m [34m[types][39m Generated [2m101ms[22m
[2m22:31:07[22m [34m[build][39m output: [34m"static"[39m
[2m22:31:07[22m [34m[build][39m directory: [34m/workspaces/Movimiento-simbi-tico-digital/apps/web/dist/[39m
[2m22:31:07[22m [34m[build][39m Collecting build info...
[2m22:31:07[22m [34m[build][39m [32m✓ Completed in 117ms.[39m
[2m22:31:07[22m [34m[build][39m Building static entrypoints...
[2K[1G[2K[1G[2K[1G[2K[1G[2K[1G[2K[1G[2K[1G[2K[1G[2K[1G[2K[1G[2K[1G[2K[1G[2m22:31:10[22m [34m[vite][39m [32m✓ built in 2.56s[39m
[2m22:31:10[22m [34m[build][39m [32m✓ Completed in 2.62s.[39m

[42m[30m generating static routes [39m[49m
[2m22:31:10[22m [32m▶[39m src/pages/index.astro
[2m22:31:10[22m   [34m└─[39m [2m/index.html[22m [2m(+19ms)[22m
[2m22:31:10[22m [32m✓ Completed in 31ms.
[39m
[2m22:31:10[22m [34m[build][39m 1 page(s) built in [1m2.81s[22m
[2m22:31:10[22m [34m[build][39m [1mComplete![22m
